vijitha@DESKTOP-MHLPFOC:~$ whoami
vijitha
vijitha@DESKTOP-MHLPFOC:~$ echo "step in program"
step in program
vijitha@DESKTOP-MHLPFOC:~$ cd
vijitha@DESKTOP-MHLPFOC:~$ gcc
vijitha@DESKTOP-MHLPFOC:~$ mkdir step in
vijitha@DESKTOP-MHLPFOC:~$ cd
vijitha@DESKTOP-MHLPFOC:~$ ls
in  step  stepin
vijitha@DESKTOP-MHLPFOC:~$ sudo su
root@DESKTOP-MHLPFOC:/home/vijitha# Vijitha@0204
Vijitha@0204: command not found
root@DESKTOP-MHLPFOC:/home/vijitha# apt-get update
Hit:1 http://archive.ubuntu.com/ubuntu noble InRelease
Get:2 http://security.ubuntu.com/ubuntu noble-security InRelease [126 kB]
Get:3 http://archive.ubuntu.com/ubuntu noble-updates InRelease [126 kB]
Get:4 http://archive.ubuntu.com/ubuntu noble-backports InRelease [126 kB]
Get:5 http://archive.ubuntu.com/ubuntu noble/universe amd64 Packages [15.0 MB]
Get:6 http://security.ubuntu.com/ubuntu noble-security/main amd64 Packages [1023 kB]
Get:7 http://security.ubuntu.com/ubuntu noble-security/main Translation-en [179 kB]
Get:8 http://security.ubuntu.com/ubuntu noble-security/main amd64 Components [21.6 kB]
Get:9 http://security.ubuntu.com/ubuntu noble-security/main amd64 c-n-f Metadata [7068 B]
Get:10 http://archive.ubuntu.com/ubuntu noble/universe Translation-en [5982 kB]
Get:11 http://security.ubuntu.com/ubuntu noble-security/universe amd64 Packages [876 kB]
Get:12 http://security.ubuntu.com/ubuntu noble-security/universe Translation-en [194 kB]
Get:13 http://security.ubuntu.com/ubuntu noble-security/universe amd64 Components [52.2 kB]
Get:14 http://archive.ubuntu.com/ubuntu noble/universe amd64 Components [3871 kB]
Get:15 http://security.ubuntu.com/ubuntu noble-security/universe amd64 c-n-f Metadata [17.0 kB]
Get:16 http://security.ubuntu.com/ubuntu noble-security/restricted amd64 Packages [1484 kB]
Get:17 http://archive.ubuntu.com/ubuntu noble/universe amd64 c-n-f Metadata [301 kB]
Get:18 http://security.ubuntu.com/ubuntu noble-security/restricted Translation-en [323 kB]
Get:19 http://archive.ubuntu.com/ubuntu noble/multiverse amd64 Packages [269 kB]
Get:20 http://security.ubuntu.com/ubuntu noble-security/restricted amd64 Components [212 B]
Get:21 http://security.ubuntu.com/ubuntu noble-security/restricted amd64 c-n-f Metadata [468 B]
Get:22 http://archive.ubuntu.com/ubuntu noble/multiverse Translation-en [118 kB]
Get:23 http://security.ubuntu.com/ubuntu noble-security/multiverse amd64 Packages [18.5 kB]
Get:24 http://archive.ubuntu.com/ubuntu noble/multiverse amd64 Components [35.0 kB]
Get:25 http://security.ubuntu.com/ubuntu noble-security/multiverse Translation-en [4288 B]
Get:26 http://security.ubuntu.com/ubuntu noble-security/multiverse amd64 Components [212 B]
Get:27 http://archive.ubuntu.com/ubuntu noble/multiverse amd64 c-n-f Metadata [8328 B]
Get:28 http://security.ubuntu.com/ubuntu noble-security/multiverse amd64 c-n-f Metadata [380 B]
Get:29 http://archive.ubuntu.com/ubuntu noble-updates/main amd64 Packages [1310 kB]
Get:30 http://archive.ubuntu.com/ubuntu noble-updates/main Translation-en [263 kB]
Get:31 http://archive.ubuntu.com/ubuntu noble-updates/main amd64 Components [164 kB]
Get:32 http://archive.ubuntu.com/ubuntu noble-updates/main amd64 c-n-f Metadata [13.5 kB]
Get:33 http://archive.ubuntu.com/ubuntu noble-updates/universe amd64 Packages [1115 kB]
Get:34 http://archive.ubuntu.com/ubuntu noble-updates/universe Translation-en [285 kB]
Get:35 http://archive.ubuntu.com/ubuntu noble-updates/universe amd64 Components [377 kB]
Get:36 http://archive.ubuntu.com/ubuntu noble-updates/universe amd64 c-n-f Metadata [26.0 kB]
Get:37 http://archive.ubuntu.com/ubuntu noble-updates/restricted amd64 Packages [1640 kB]
Get:38 http://archive.ubuntu.com/ubuntu noble-updates/restricted Translation-en [358 kB]
Get:39 http://archive.ubuntu.com/ubuntu noble-updates/restricted amd64 Components [212 B]
Get:40 http://archive.ubuntu.com/ubuntu noble-updates/restricted amd64 c-n-f Metadata [492 B]
Get:41 http://archive.ubuntu.com/ubuntu noble-updates/multiverse amd64 Packages [33.2 kB]
Get:42 http://archive.ubuntu.com/ubuntu noble-updates/multiverse Translation-en [6772 B]
Get:43 http://archive.ubuntu.com/ubuntu noble-updates/multiverse amd64 Components [940 B]
Get:44 http://archive.ubuntu.com/ubuntu noble-updates/multiverse amd64 c-n-f Metadata [592 B]
Get:45 http://archive.ubuntu.com/ubuntu noble-backports/main amd64 Packages [39.9 kB]
Get:46 http://archive.ubuntu.com/ubuntu noble-backports/main Translation-en [9152 B]
Get:47 http://archive.ubuntu.com/ubuntu noble-backports/main amd64 Components [7088 B]
Get:48 http://archive.ubuntu.com/ubuntu noble-backports/main amd64 c-n-f Metadata [272 B]
Get:49 http://archive.ubuntu.com/ubuntu noble-backports/universe amd64 Packages [28.0 kB]
Get:50 http://archive.ubuntu.com/ubuntu noble-backports/universe Translation-en [17.1 kB]
Get:51 http://archive.ubuntu.com/ubuntu noble-backports/universe amd64 Components [28.4 kB]
Get:52 http://archive.ubuntu.com/ubuntu noble-backports/universe amd64 c-n-f Metadata [1304 B]
Get:53 http://archive.ubuntu.com/ubuntu noble-backports/restricted amd64 Components [216 B]
Get:54 http://archive.ubuntu.com/ubuntu noble-backports/restricted amd64 c-n-f Metadata [116 B]
Get:55 http://archive.ubuntu.com/ubuntu noble-backports/multiverse amd64 Components [212 B]
Get:56 http://archive.ubuntu.com/ubuntu noble-backports/multiverse amd64 c-n-f Metadata [116 B]
Fetched 35.9 MB in 16s (2308 kB/s)

Reading package lists... Done
root@DESKTOP-MHLPFOC:/home/vijitha#
root@DESKTOP-MHLPFOC:/home/vijitha# apt install gcc
Reading package lists... Done
Building dependency tree... Done
Reading state information... Done
The following additional packages will be installed:
  cpp cpp-13 cpp-13-x86-64-linux-gnu cpp-x86-64-linux-gnu gcc-13 gcc-13-base gcc-13-x86-64-linux-gnu
  gcc-x86-64-linux-gnu libaom3 libasan8 libatomic1 libc-bin libc-dev-bin libc-devtools libc6 libc6-dev libcc1-0
  libcrypt-dev libde265-0 libgcc-13-dev libgd3 libgomp1 libheif-plugin-aomdec libheif-plugin-aomenc
  libheif-plugin-libde265 libheif1 libhwasan0 libisl23 libitm1 liblsan0 libmpc3 libquadmath0 libtsan2 libubsan1
  libxpm4 linux-libc-dev locales manpages-dev rpcsvc-proto
Suggested packages:
  cpp-doc gcc-13-locales cpp-13-doc gcc-multilib make autoconf automake libtool flex bison gdb gcc-doc gcc-13-multilib
  gcc-13-doc gdb-x86-64-linux-gnu glibc-doc libnss-nis libnss-nisplus libgd-tools libheif-plugin-x265
  libheif-plugin-ffmpegdec libheif-plugin-jpegdec libheif-plugin-jpegenc libheif-plugin-j2kdec libheif-plugin-j2kenc
  libheif-plugin-rav1e libheif-plugin-svtenc
The following NEW packages will be installed:
  cpp cpp-13 cpp-13-x86-64-linux-gnu cpp-x86-64-linux-gnu gcc gcc-13 gcc-13-base gcc-13-x86-64-linux-gnu
  gcc-x86-64-linux-gnu libaom3 libasan8 libatomic1 libc-dev-bin libc-devtools libc6-dev libcc1-0 libcrypt-dev
  libde265-0 libgcc-13-dev libgd3 libgomp1 libheif-plugin-aomdec libheif-plugin-aomenc libheif-plugin-libde265
  libheif1 libhwasan0 libisl23 libitm1 liblsan0 libmpc3 libquadmath0 libtsan2 libubsan1 libxpm4 linux-libc-dev
  manpages-dev rpcsvc-proto
The following packages will be upgraded:
  libc-bin libc6 locales
3 upgraded, 37 newly installed, 0 to remove and 179 not upgraded.
Need to get 13.0 MB/63.2 MB of archives.
After this operation, 182 MB of additional disk space will be used.
Do you want to continue? [Y/n] y
Get:1 http://archive.ubuntu.com/ubuntu noble-updates/main amd64 libc6 amd64 2.39-0ubuntu8.5 [3265 kB]
Get:2 http://archive.ubuntu.com/ubuntu noble-updates/main amd64 libc-bin amd64 2.39-0ubuntu8.5 [682 kB]
Get:3 http://archive.ubuntu.com/ubuntu noble-updates/main amd64 locales all 2.39-0ubuntu8.5 [4229 kB]
Get:4 http://archive.ubuntu.com/ubuntu noble-updates/main amd64 libisl23 amd64 0.26-3build1.1 [680 kB]
Get:5 http://archive.ubuntu.com/ubuntu noble-updates/main amd64 libmpc3 amd64 1.3.1-1build1.1 [54.6 kB]
Get:6 http://archive.ubuntu.com/ubuntu noble-updates/main amd64 libc-dev-bin amd64 2.39-0ubuntu8.5 [20.4 kB]
Get:7 http://archive.ubuntu.com/ubuntu noble-updates/main amd64 libc-devtools amd64 2.39-0ubuntu8.5 [29.3 kB]
Get:8 http://archive.ubuntu.com/ubuntu noble-updates/main amd64 linux-libc-dev amd64 6.8.0-71.71 [1897 kB]
Get:9 http://archive.ubuntu.com/ubuntu noble-updates/main amd64 libc6-dev amd64 2.39-0ubuntu8.5 [2123 kB]
Fetched 13.0 MB in 5s (2364 kB/s)
Extracting templates from packages: 100%
Preconfiguring packages ...
(Reading database ... 40794 files and directories currently installed.)
Preparing to unpack .../libc6_2.39-0ubuntu8.5_amd64.deb ...
Unpacking libc6:amd64 (2.39-0ubuntu8.5) over (2.39-0ubuntu8.3) ...
Setting up libc6:amd64 (2.39-0ubuntu8.5) ...
(Reading database ... 40793 files and directories currently installed.)
Preparing to unpack .../libc-bin_2.39-0ubuntu8.5_amd64.deb ...
Unpacking libc-bin (2.39-0ubuntu8.5) over (2.39-0ubuntu8.3) ...
Setting up libc-bin (2.39-0ubuntu8.5) ...
(Reading database ... 40792 files and directories currently installed.)
Preparing to unpack .../00-locales_2.39-0ubuntu8.5_all.deb ...
Unpacking locales (2.39-0ubuntu8.5) over (2.39-0ubuntu8.3) ...
Selecting previously unselected package gcc-13-base:amd64.
Preparing to unpack .../01-gcc-13-base_13.3.0-6ubuntu2~24.04_amd64.deb ...
Unpacking gcc-13-base:amd64 (13.3.0-6ubuntu2~24.04) ...
Selecting previously unselected package libisl23:amd64.
Preparing to unpack .../02-libisl23_0.26-3build1.1_amd64.deb ...
Unpacking libisl23:amd64 (0.26-3build1.1) ...
Selecting previously unselected package libmpc3:amd64.
Preparing to unpack .../03-libmpc3_1.3.1-1build1.1_amd64.deb ...
Unpacking libmpc3:amd64 (1.3.1-1build1.1) ...
Selecting previously unselected package cpp-13-x86-64-linux-gnu.
Preparing to unpack .../04-cpp-13-x86-64-linux-gnu_13.3.0-6ubuntu2~24.04_amd64.deb ...
Unpacking cpp-13-x86-64-linux-gnu (13.3.0-6ubuntu2~24.04) ...
Selecting previously unselected package cpp-13.
Preparing to unpack .../05-cpp-13_13.3.0-6ubuntu2~24.04_amd64.deb ...
Unpacking cpp-13 (13.3.0-6ubuntu2~24.04) ...
Selecting previously unselected package cpp-x86-64-linux-gnu.
Preparing to unpack .../06-cpp-x86-64-linux-gnu_4%3a13.2.0-7ubuntu1_amd64.deb ...
Unpacking cpp-x86-64-linux-gnu (4:13.2.0-7ubuntu1) ...
Selecting previously unselected package cpp.
Preparing to unpack .../07-cpp_4%3a13.2.0-7ubuntu1_amd64.deb ...
Unpacking cpp (4:13.2.0-7ubuntu1) ...
Selecting previously unselected package libcc1-0:amd64.
Preparing to unpack .../08-libcc1-0_14.2.0-4ubuntu2~24.04_amd64.deb ...
Unpacking libcc1-0:amd64 (14.2.0-4ubuntu2~24.04) ...
Selecting previously unselected package libgomp1:amd64.
Preparing to unpack .../09-libgomp1_14.2.0-4ubuntu2~24.04_amd64.deb ...
Unpacking libgomp1:amd64 (14.2.0-4ubuntu2~24.04) ...
Selecting previously unselected package libitm1:amd64.
Preparing to unpack .../10-libitm1_14.2.0-4ubuntu2~24.04_amd64.deb ...
Unpacking libitm1:amd64 (14.2.0-4ubuntu2~24.04) ...
Selecting previously unselected package libatomic1:amd64.
Preparing to unpack .../11-libatomic1_14.2.0-4ubuntu2~24.04_amd64.deb ...
Unpacking libatomic1:amd64 (14.2.0-4ubuntu2~24.04) ...
Selecting previously unselected package libasan8:amd64.
Preparing to unpack .../12-libasan8_14.2.0-4ubuntu2~24.04_amd64.deb ...
Unpacking libasan8:amd64 (14.2.0-4ubuntu2~24.04) ...
Selecting previously unselected package liblsan0:amd64.
Preparing to unpack .../13-liblsan0_14.2.0-4ubuntu2~24.04_amd64.deb ...
Unpacking liblsan0:amd64 (14.2.0-4ubuntu2~24.04) ...
Selecting previously unselected package libtsan2:amd64.
Preparing to unpack .../14-libtsan2_14.2.0-4ubuntu2~24.04_amd64.deb ...
Unpacking libtsan2:amd64 (14.2.0-4ubuntu2~24.04) ...
Selecting previously unselected package libubsan1:amd64.
Preparing to unpack .../15-libubsan1_14.2.0-4ubuntu2~24.04_amd64.deb ...
Unpacking libubsan1:amd64 (14.2.0-4ubuntu2~24.04) ...
Selecting previously unselected package libhwasan0:amd64.
Preparing to unpack .../16-libhwasan0_14.2.0-4ubuntu2~24.04_amd64.deb ...
Unpacking libhwasan0:amd64 (14.2.0-4ubuntu2~24.04) ...
Selecting previously unselected package libquadmath0:amd64.
Preparing to unpack .../17-libquadmath0_14.2.0-4ubuntu2~24.04_amd64.deb ...
Unpacking libquadmath0:amd64 (14.2.0-4ubuntu2~24.04) ...
Selecting previously unselected package libgcc-13-dev:amd64.
Preparing to unpack .../18-libgcc-13-dev_13.3.0-6ubuntu2~24.04_amd64.deb ...
Unpacking libgcc-13-dev:amd64 (13.3.0-6ubuntu2~24.04) ...
Selecting previously unselected package gcc-13-x86-64-linux-gnu.
Preparing to unpack .../19-gcc-13-x86-64-linux-gnu_13.3.0-6ubuntu2~24.04_amd64.deb ...
Unpacking gcc-13-x86-64-linux-gnu (13.3.0-6ubuntu2~24.04) ...
Selecting previously unselected package gcc-13.
Preparing to unpack .../20-gcc-13_13.3.0-6ubuntu2~24.04_amd64.deb ...
Unpacking gcc-13 (13.3.0-6ubuntu2~24.04) ...
Selecting previously unselected package gcc-x86-64-linux-gnu.
Preparing to unpack .../21-gcc-x86-64-linux-gnu_4%3a13.2.0-7ubuntu1_amd64.deb ...
Unpacking gcc-x86-64-linux-gnu (4:13.2.0-7ubuntu1) ...
Selecting previously unselected package gcc.
Preparing to unpack .../22-gcc_4%3a13.2.0-7ubuntu1_amd64.deb ...
Unpacking gcc (4:13.2.0-7ubuntu1) ...
Selecting previously unselected package libaom3:amd64.
Preparing to unpack .../23-libaom3_3.8.2-2ubuntu0.1_amd64.deb ...
Unpacking libaom3:amd64 (3.8.2-2ubuntu0.1) ...
Selecting previously unselected package libc-dev-bin.
Preparing to unpack .../24-libc-dev-bin_2.39-0ubuntu8.5_amd64.deb ...
Unpacking libc-dev-bin (2.39-0ubuntu8.5) ...
Selecting previously unselected package libheif-plugin-aomdec:amd64.
Preparing to unpack .../25-libheif-plugin-aomdec_1.17.6-1ubuntu4.1_amd64.deb ...
Unpacking libheif-plugin-aomdec:amd64 (1.17.6-1ubuntu4.1) ...
Selecting previously unselected package libde265-0:amd64.
Preparing to unpack .../26-libde265-0_1.0.15-1build3_amd64.deb ...
Unpacking libde265-0:amd64 (1.0.15-1build3) ...
Selecting previously unselected package libheif-plugin-libde265:amd64.
Preparing to unpack .../27-libheif-plugin-libde265_1.17.6-1ubuntu4.1_amd64.deb ...
Unpacking libheif-plugin-libde265:amd64 (1.17.6-1ubuntu4.1) ...
Selecting previously unselected package libheif1:amd64.
Preparing to unpack .../28-libheif1_1.17.6-1ubuntu4.1_amd64.deb ...
Unpacking libheif1:amd64 (1.17.6-1ubuntu4.1) ...
Selecting previously unselected package libxpm4:amd64.
Preparing to unpack .../29-libxpm4_1%3a3.5.17-1build2_amd64.deb ...
Unpacking libxpm4:amd64 (1:3.5.17-1build2) ...
Selecting previously unselected package libgd3:amd64.
Preparing to unpack .../30-libgd3_2.3.3-9ubuntu5_amd64.deb ...
Unpacking libgd3:amd64 (2.3.3-9ubuntu5) ...
Selecting previously unselected package libc-devtools.
Preparing to unpack .../31-libc-devtools_2.39-0ubuntu8.5_amd64.deb ...
Unpacking libc-devtools (2.39-0ubuntu8.5) ...
Selecting previously unselected package linux-libc-dev:amd64.
Preparing to unpack .../32-linux-libc-dev_6.8.0-71.71_amd64.deb ...
Unpacking linux-libc-dev:amd64 (6.8.0-71.71) ...
Selecting previously unselected package libcrypt-dev:amd64.
Preparing to unpack .../33-libcrypt-dev_1%3a4.4.36-4build1_amd64.deb ...
Unpacking libcrypt-dev:amd64 (1:4.4.36-4build1) ...
Selecting previously unselected package rpcsvc-proto.
Preparing to unpack .../34-rpcsvc-proto_1.4.2-0ubuntu7_amd64.deb ...
Unpacking rpcsvc-proto (1.4.2-0ubuntu7) ...
Selecting previously unselected package libc6-dev:amd64.
Preparing to unpack .../35-libc6-dev_2.39-0ubuntu8.5_amd64.deb ...
Unpacking libc6-dev:amd64 (2.39-0ubuntu8.5) ...
Selecting previously unselected package libheif-plugin-aomenc:amd64.
Preparing to unpack .../36-libheif-plugin-aomenc_1.17.6-1ubuntu4.1_amd64.deb ...
Unpacking libheif-plugin-aomenc:amd64 (1.17.6-1ubuntu4.1) ...
Selecting previously unselected package manpages-dev.
Preparing to unpack .../37-manpages-dev_6.7-2_all.deb ...
Unpacking manpages-dev (6.7-2) ...
Setting up libaom3:amd64 (3.8.2-2ubuntu0.1) ...
Setting up manpages-dev (6.7-2) ...
Setting up libxpm4:amd64 (1:3.5.17-1build2) ...
Setting up linux-libc-dev:amd64 (6.8.0-71.71) ...
Setting up libgomp1:amd64 (14.2.0-4ubuntu2~24.04) ...
Setting up locales (2.39-0ubuntu8.5) ...
Generating locales (this might take a while)...
Generation complete.
Setting up rpcsvc-proto (1.4.2-0ubuntu7) ...
Setting up gcc-13-base:amd64 (13.3.0-6ubuntu2~24.04) ...
Setting up libquadmath0:amd64 (14.2.0-4ubuntu2~24.04) ...
Setting up libmpc3:amd64 (1.3.1-1build1.1) ...
Setting up libatomic1:amd64 (14.2.0-4ubuntu2~24.04) ...
Setting up libubsan1:amd64 (14.2.0-4ubuntu2~24.04) ...
Setting up libhwasan0:amd64 (14.2.0-4ubuntu2~24.04) ...
Setting up libcrypt-dev:amd64 (1:4.4.36-4build1) ...
Setting up libasan8:amd64 (14.2.0-4ubuntu2~24.04) ...
Setting up libtsan2:amd64 (14.2.0-4ubuntu2~24.04) ...
Setting up libisl23:amd64 (0.26-3build1.1) ...
Setting up libde265-0:amd64 (1.0.15-1build3) ...
Setting up libc-dev-bin (2.39-0ubuntu8.5) ...
Setting up libcc1-0:amd64 (14.2.0-4ubuntu2~24.04) ...
Setting up liblsan0:amd64 (14.2.0-4ubuntu2~24.04) ...
Setting up libitm1:amd64 (14.2.0-4ubuntu2~24.04) ...
Setting up cpp-13-x86-64-linux-gnu (13.3.0-6ubuntu2~24.04) ...
Setting up libgcc-13-dev:amd64 (13.3.0-6ubuntu2~24.04) ...
Setting up libc6-dev:amd64 (2.39-0ubuntu8.5) ...
Setting up cpp-x86-64-linux-gnu (4:13.2.0-7ubuntu1) ...
Setting up cpp-13 (13.3.0-6ubuntu2~24.04) ...
Setting up gcc-13-x86-64-linux-gnu (13.3.0-6ubuntu2~24.04) ...
Setting up gcc-13 (13.3.0-6ubuntu2~24.04) ...
Setting up cpp (4:13.2.0-7ubuntu1) ...
Setting up gcc-x86-64-linux-gnu (4:13.2.0-7ubuntu1) ...
Setting up gcc (4:13.2.0-7ubuntu1) ...
Setting up libheif-plugin-aomdec:amd64 (1.17.6-1ubuntu4.1) ...
Setting up libheif1:amd64 (1.17.6-1ubuntu4.1) ...
Setting up libgd3:amd64 (2.3.3-9ubuntu5) ...
Setting up libc-devtools (2.39-0ubuntu8.5) ...
Setting up libheif-plugin-libde265:amd64 (1.17.6-1ubuntu4.1) ...
Setting up libheif-plugin-aomenc:amd64 (1.17.6-1ubuntu4.1) ...
Processing triggers for libc-bin (2.39-0ubuntu8.5) ...
Processing triggers for man-db (2.12.0-4build2) ...
root@DESKTOP-MHLPFOC:/home/vijitha# date
Tue Jul 29 14:04:04 UTC 2025
root@DESKTOP-MHLPFOC:/home/vijitha# bc
bc 1.07.1
Copyright 1991-1994, 1997, 1998, 2000, 2004, 2006, 2008, 2012-2017 Free Software Foundation, Inc.
This is free software with ABSOLUTELY NO WARRANTY.
For details type `warranty'.
2+3
5
555444*545454
302969151576

sudo apt
(standard_in) 4: syntax error

46578/7
6654
^C
(interrupt) use quit to exit.
quit
root@DESKTOP-MHLPFOC:/home/vijitha# echo$SHELL
bash: echo/bin/bash: No such file or directory
root@DESKTOP-MHLPFOC:/home/vijitha# whatis echo
echo (1)             - display a line of text
root@DESKTOP-MHLPFOC:/home/vijitha# whatis printenv
printenv (1)         - print all or part of environment
root@DESKTOP-MHLPFOC:/home/vijitha# whatis cat
cat (1)              - concatenate files and print on the standard output
root@DESKTOP-MHLPFOC:/home/vijitha# info cat
root@DESKTOP-MHLPFOC:/home/vijitha# date
Tue Jul 29 14:08:10 UTC 2025
root@DESKTOP-MHLPFOC:/home/vijitha# date"+%D"
date+%D: command not found
root@DESKTOP-MHLPFOC:/home/vijitha# quit
Command 'quit' not found, did you mean:
  command 'qgit' from deb qgit (2.10-2)
  command 'quilt' from deb quilt (0.67+really0.67-4)
  command 'quiz' from deb bsdgames (2.17-30)
Try: apt install <deb name>
root@DESKTOP-MHLPFOC:/home/vijitha# date"+%D"
date+%D: command not found
root@DESKTOP-MHLPFOC:/home/vijitha# date--date"tomorrow"
date--datetomorrow: command not found
root@DESKTOP-MHLPFOC:/home/vijitha# exit
exit
vijitha@DESKTOP-MHLPFOC:~$ date--date"tomorrow"
date--datetomorrow: command not found
vijitha@DESKTOP-MHLPFOC:~$ sudo apt insatll build-essential
E: Invalid operation insatll
vijitha@DESKTOP-MHLPFOC:~$ sudo apt install build-essential
Reading package lists... Done
Building dependency tree... Done
Reading state information... Done
The following additional packages will be installed:
  bzip2 dpkg-dev fakeroot g++ g++-13 g++-13-x86-64-linux-gnu g++-x86-64-linux-gnu libalgorithm-diff-perl
  libalgorithm-diff-xs-perl libalgorithm-merge-perl libdpkg-perl libfakeroot libfile-fcntllock-perl libstdc++-13-dev
  lto-disabled-list make
Suggested packages:
  bzip2-doc debian-keyring g++-multilib g++-13-multilib gcc-13-doc bzr libstdc++-13-doc make-doc
The following NEW packages will be installed:
  build-essential bzip2 dpkg-dev fakeroot g++ g++-13 g++-13-x86-64-linux-gnu g++-x86-64-linux-gnu
  libalgorithm-diff-perl libalgorithm-diff-xs-perl libalgorithm-merge-perl libdpkg-perl libfakeroot
  libfile-fcntllock-perl libstdc++-13-dev lto-disabled-list make
0 upgraded, 17 newly installed, 0 to remove and 179 not upgraded.
Need to get 16.4 MB of archives.
After this operation, 61.3 MB of additional disk space will be used.
Do you want to continue? [Y/n] y
Get:1 http://archive.ubuntu.com/ubuntu noble-updates/main amd64 libstdc++-13-dev amd64 13.3.0-6ubuntu2~24.04 [2420 kB]
Get:2 http://archive.ubuntu.com/ubuntu noble-updates/main amd64 g++-13-x86-64-linux-gnu amd64 13.3.0-6ubuntu2~24.04 [12.2 MB]
Get:3 http://archive.ubuntu.com/ubuntu noble-updates/main amd64 g++-13 amd64 13.3.0-6ubuntu2~24.04 [16.1 kB]
Get:4 http://archive.ubuntu.com/ubuntu noble/main amd64 g++-x86-64-linux-gnu amd64 4:13.2.0-7ubuntu1 [964 B]
Get:5 http://archive.ubuntu.com/ubuntu noble/main amd64 g++ amd64 4:13.2.0-7ubuntu1 [1100 B]
Get:6 http://archive.ubuntu.com/ubuntu noble/main amd64 make amd64 4.3-4.1build2 [180 kB]
Get:7 http://archive.ubuntu.com/ubuntu noble-updates/main amd64 libdpkg-perl all 1.22.6ubuntu6.1 [269 kB]
Get:8 http://archive.ubuntu.com/ubuntu noble-updates/main amd64 bzip2 amd64 1.0.8-5.1build0.1 [34.5 kB]
Get:9 http://archive.ubuntu.com/ubuntu noble/main amd64 lto-disabled-list all 47 [12.4 kB]
Get:10 http://archive.ubuntu.com/ubuntu noble-updates/main amd64 dpkg-dev all 1.22.6ubuntu6.1 [1074 kB]
Get:11 http://archive.ubuntu.com/ubuntu noble/main amd64 build-essential amd64 12.10ubuntu1 [4928 B]
Get:12 http://archive.ubuntu.com/ubuntu noble/main amd64 libfakeroot amd64 1.33-1 [32.4 kB]
Get:13 http://archive.ubuntu.com/ubuntu noble/main amd64 fakeroot amd64 1.33-1 [67.2 kB]
Get:14 http://archive.ubuntu.com/ubuntu noble/main amd64 libalgorithm-diff-perl all 1.201-1 [41.8 kB]
Get:15 http://archive.ubuntu.com/ubuntu noble/main amd64 libalgorithm-diff-xs-perl amd64 0.04-8build3 [11.2 kB]
Get:16 http://archive.ubuntu.com/ubuntu noble/main amd64 libalgorithm-merge-perl all 0.08-5 [11.4 kB]
Get:17 http://archive.ubuntu.com/ubuntu noble/main amd64 libfile-fcntllock-perl amd64 0.22-4ubuntu5 [30.7 kB]
Fetched 16.4 MB in 14s (1177 kB/s)
Selecting previously unselected package libstdc++-13-dev:amd64.
(Reading database ... 45110 files and directories currently installed.)
Preparing to unpack .../00-libstdc++-13-dev_13.3.0-6ubuntu2~24.04_amd64.deb ...
Unpacking libstdc++-13-dev:amd64 (13.3.0-6ubuntu2~24.04) ...
Selecting previously unselected package g++-13-x86-64-linux-gnu.
Preparing to unpack .../01-g++-13-x86-64-linux-gnu_13.3.0-6ubuntu2~24.04_amd64.deb ...
Unpacking g++-13-x86-64-linux-gnu (13.3.0-6ubuntu2~24.04) ...
Selecting previously unselected package g++-13.
Preparing to unpack .../02-g++-13_13.3.0-6ubuntu2~24.04_amd64.deb ...
Unpacking g++-13 (13.3.0-6ubuntu2~24.04) ...
Selecting previously unselected package g++-x86-64-linux-gnu.
Preparing to unpack .../03-g++-x86-64-linux-gnu_4%3a13.2.0-7ubuntu1_amd64.deb ...
Unpacking g++-x86-64-linux-gnu (4:13.2.0-7ubuntu1) ...
Selecting previously unselected package g++.
Preparing to unpack .../04-g++_4%3a13.2.0-7ubuntu1_amd64.deb ...
Unpacking g++ (4:13.2.0-7ubuntu1) ...
Selecting previously unselected package make.
Preparing to unpack .../05-make_4.3-4.1build2_amd64.deb ...
Unpacking make (4.3-4.1build2) ...
Selecting previously unselected package libdpkg-perl.
Preparing to unpack .../06-libdpkg-perl_1.22.6ubuntu6.1_all.deb ...
Unpacking libdpkg-perl (1.22.6ubuntu6.1) ...
Selecting previously unselected package bzip2.
Preparing to unpack .../07-bzip2_1.0.8-5.1build0.1_amd64.deb ...
Unpacking bzip2 (1.0.8-5.1build0.1) ...
Selecting previously unselected package lto-disabled-list.
Preparing to unpack .../08-lto-disabled-list_47_all.deb ...
Unpacking lto-disabled-list (47) ...
Selecting previously unselected package dpkg-dev.
Preparing to unpack .../09-dpkg-dev_1.22.6ubuntu6.1_all.deb ...
Unpacking dpkg-dev (1.22.6ubuntu6.1) ...
Selecting previously unselected package build-essential.
Preparing to unpack .../10-build-essential_12.10ubuntu1_amd64.deb ...
Unpacking build-essential (12.10ubuntu1) ...
Selecting previously unselected package libfakeroot:amd64.
Preparing to unpack .../11-libfakeroot_1.33-1_amd64.deb ...
Unpacking libfakeroot:amd64 (1.33-1) ...
Selecting previously unselected package fakeroot.
Preparing to unpack .../12-fakeroot_1.33-1_amd64.deb ...
Unpacking fakeroot (1.33-1) ...
Selecting previously unselected package libalgorithm-diff-perl.
Preparing to unpack .../13-libalgorithm-diff-perl_1.201-1_all.deb ...
Unpacking libalgorithm-diff-perl (1.201-1) ...
Selecting previously unselected package libalgorithm-diff-xs-perl:amd64.
Preparing to unpack .../14-libalgorithm-diff-xs-perl_0.04-8build3_amd64.deb ...
Unpacking libalgorithm-diff-xs-perl:amd64 (0.04-8build3) ...
Selecting previously unselected package libalgorithm-merge-perl.
Preparing to unpack .../15-libalgorithm-merge-perl_0.08-5_all.deb ...
Unpacking libalgorithm-merge-perl (0.08-5) ...
Selecting previously unselected package libfile-fcntllock-perl.
Preparing to unpack .../16-libfile-fcntllock-perl_0.22-4ubuntu5_amd64.deb ...
Unpacking libfile-fcntllock-perl (0.22-4ubuntu5) ...
Setting up lto-disabled-list (47) ...
Setting up libfile-fcntllock-perl (0.22-4ubuntu5) ...
Setting up libalgorithm-diff-perl (1.201-1) ...
Setting up bzip2 (1.0.8-5.1build0.1) ...
Setting up libfakeroot:amd64 (1.33-1) ...
Setting up fakeroot (1.33-1) ...
update-alternatives: using /usr/bin/fakeroot-sysv to provide /usr/bin/fakeroot (fakeroot) in auto mode
Setting up make (4.3-4.1build2) ...
Setting up libdpkg-perl (1.22.6ubuntu6.1) ...
Setting up libalgorithm-diff-xs-perl:amd64 (0.04-8build3) ...
Setting up libstdc++-13-dev:amd64 (13.3.0-6ubuntu2~24.04) ...
Setting up libalgorithm-merge-perl (0.08-5) ...
Setting up g++-13-x86-64-linux-gnu (13.3.0-6ubuntu2~24.04) ...
Setting up dpkg-dev (1.22.6ubuntu6.1) ...
Setting up g++-x86-64-linux-gnu (4:13.2.0-7ubuntu1) ...
Setting up g++-13 (13.3.0-6ubuntu2~24.04) ...
Setting up g++ (4:13.2.0-7ubuntu1) ...
update-alternatives: using /usr/bin/g++ to provide /usr/bin/c++ (c++) in auto mode
Setting up build-essential (12.10ubuntu1) ...
Processing triggers for man-db (2.12.0-4build2) ...
Processing triggers for libc-bin (2.39-0ubuntu8.5) ...
vijitha@DESKTOP-MHLPFOC:~$ date--date"tomorrow"
date--datetomorrow: command not found
vijitha@DESKTOP-MHLPFOC:~$ date
Tue Jul 29 14:12:27 UTC 2025
vijitha@DESKTOP-MHLPFOC:~$ cal
Command 'cal' not found, but can be installed with:
sudo apt install ncal
vijitha@DESKTOP-MHLPFOC:~$ sudo date"+%D"
sudo: date+%D: command not found
vijitha@DESKTOP-MHLPFOC:~$ man date
vijitha@DESKTOP-MHLPFOC:~$ date -d 'tomorrow'
Wed Jul 30 14:14:52 UTC 2025
vijitha@DESKTOP-MHLPFOC:~$ date -d"+%D"
date: invalid date ‘+%D’
vijitha@DESKTOP-MHLPFOC:~$ date--d"2 years ago"
date--d2 years ago: command not found
vijitha@DESKTOP-MHLPFOC:~$ date--date"tomorrow"
date--datetomorrow: command not found
vijitha@DESKTOP-MHLPFOC:~$ sudo apt install ncal
Reading package lists... Done
Building dependency tree... Done
Reading state information... Done
The following NEW packages will be installed:
  ncal
0 upgraded, 1 newly installed, 0 to remove and 179 not upgraded.
Need to get 21.0 kB of archives.
After this operation, 59.4 kB of additional disk space will be used.
Get:1 http://archive.ubuntu.com/ubuntu noble/universe amd64 ncal amd64 12.1.8 [21.0 kB]
Fetched 21.0 kB in 6s (3728 B/s)
Selecting previously unselected package ncal.
(Reading database ... 46680 files and directories currently installed.)
Preparing to unpack .../archives/ncal_12.1.8_amd64.deb ...
Unpacking ncal (12.1.8) ...
Setting up ncal (12.1.8) ...
Processing triggers for man-db (2.12.0-4build2) ...
vijitha@DESKTOP-MHLPFOC:~$ cal
     July 2025
Su Mo Tu We Th Fr Sa
       1  2  3  4  5
 6  7  8  9 10 11 12
13 14 15 16 17 18 19
20 21 22 23 24 25 26
27 28 29 30 31

vijitha@DESKTOP-MHLPFOC:~$ cal 7 2025
     July 2025
Su Mo Tu We Th Fr Sa
       1  2  3  4  5
 6  7  8  9 10 11 12
13 14 15 16 17 18 19
20 21 22 23 24 25 26
27 28 29 30 31

vijitha@DESKTOP-MHLPFOC:~$ cal 2025
                            2025
      January               February               March
Su Mo Tu We Th Fr Sa  Su Mo Tu We Th Fr Sa  Su Mo Tu We Th Fr Sa
          1  2  3  4                     1                     1
 5  6  7  8  9 10 11   2  3  4  5  6  7  8   2  3  4  5  6  7  8
12 13 14 15 16 17 18   9 10 11 12 13 14 15   9 10 11 12 13 14 15
19 20 21 22 23 24 25  16 17 18 19 20 21 22  16 17 18 19 20 21 22
26 27 28 29 30 31     23 24 25 26 27 28     23 24 25 26 27 28 29
                                            30 31

       April                  May                   June
Su Mo Tu We Th Fr Sa  Su Mo Tu We Th Fr Sa  Su Mo Tu We Th Fr Sa
       1  2  3  4  5               1  2  3   1  2  3  4  5  6  7
 6  7  8  9 10 11 12   4  5  6  7  8  9 10   8  9 10 11 12 13 14
13 14 15 16 17 18 19  11 12 13 14 15 16 17  15 16 17 18 19 20 21
20 21 22 23 24 25 26  18 19 20 21 22 23 24  22 23 24 25 26 27 28
27 28 29 30           25 26 27 28 29 30 31  29 30


        July                 August              September
Su Mo Tu We Th Fr Sa  Su Mo Tu We Th Fr Sa  Su Mo Tu We Th Fr Sa
       1  2  3  4  5                  1  2      1  2  3  4  5  6
 6  7  8  9 10 11 12   3  4  5  6  7  8  9   7  8  9 10 11 12 13
13 14 15 16 17 18 19  10 11 12 13 14 15 16  14 15 16 17 18 19 20
20 21 22 23 24 25 26  17 18 19 20 21 22 23  21 22 23 24 25 26 27
27 28 29 30 31        24 25 26 27 28 29 30  28 29 30
                      31

      October               November              December
Su Mo Tu We Th Fr Sa  Su Mo Tu We Th Fr Sa  Su Mo Tu We Th Fr Sa
          1  2  3  4                     1      1  2  3  4  5  6
 5  6  7  8  9 10 11   2  3  4  5  6  7  8   7  8  9 10 11 12 13
12 13 14 15 16 17 18   9 10 11 12 13 14 15  14 15 16 17 18 19 20
19 20 21 22 23 24 25  16 17 18 19 20 21 22  21 22 23 24 25 26 27
26 27 28 29 30 31     23 24 25 26 27 28 29  28 29 30 31
                      30
vijitha@DESKTOP-MHLPFOC:~$ cal -3
     June 2025             July 2025            August 2025
Su Mo Tu We Th Fr Sa  Su Mo Tu We Th Fr Sa  Su Mo Tu We Th Fr Sa
 1  2  3  4  5  6  7         1  2  3  4  5                  1  2
 8  9 10 11 12 13 14   6  7  8  9 10 11 12   3  4  5  6  7  8  9
15 16 17 18 19 20 21  13 14 15 16 17 18 19  10 11 12 13 14 15 16
22 23 24 25 26 27 28  20 21 22 23 24 25 26  17 18 19 20 21 22 23
29 30                 27 28 29 30 31        24 25 26 27 28 29 30
                                            31
vijitha@DESKTOP-MHLPFOC:~$ ps
  PID TTY          TIME CMD
   10 tty1     00:00:00 bash
 1878 tty1     00:00:00 ps
vijitha@DESKTOP-MHLPFOC:~$ uname
Linux
vijitha@DESKTOP-MHLPFOC:~$ uname -i
x86_64
vijitha@DESKTOP-MHLPFOC:~$ uname-n
uname-n: command not found
vijitha@DESKTOP-MHLPFOC:~$ uname -n
DESKTOP-MHLPFOC
vijitha@DESKTOP-MHLPFOC:~$ echo`date`
echoTue: command not found
vijitha@DESKTOP-MHLPFOC:~$ echo `date`
Tue Jul 29 14:20:18 UTC 2025
vijitha@DESKTOP-MHLPFOC:~$ seq 1 10
1
2
3
4
5
6
7
8
9
10
vijitha@DESKTOP-MHLPFOC:~$ rev <<<Linux
xuniL
vijitha@DESKTOP-MHLPFOC:~$ ls
in  step  stepin
vijitha@DESKTOP-MHLPFOC:~$ nano newfile
vijitha@DESKTOP-MHLPFOC:~$ ls
in  step  stepin
vijitha@DESKTOP-MHLPFOC:~$ cd stepin
vijitha@DESKTOP-MHLPFOC:~/stepin$ mkdir sdlc
vijitha@DESKTOP-MHLPFOC:~/stepin$ mkdir linux
vijitha@DESKTOP-MHLPFOC:~/stepin$ linux
linux: command not found
vijitha@DESKTOP-MHLPFOC:~/stepin$ ls
linux  sdlc
vijitha@DESKTOP-MHLPFOC:~/stepin$ mv sdlc
mv: missing destination file operand after 'sdlc'
Try 'mv --help' for more information.
vijitha@DESKTOP-MHLPFOC:~/stepin$ quit
Command 'quit' not found, did you mean:
  command 'quilt' from deb quilt (0.67+really0.67-4)
  command 'qgit' from deb qgit (2.10-2)
  command 'quiz' from deb bsdgames (2.17-30)
Try: sudo apt install <deb name>
vijitha@DESKTOP-MHLPFOC:~/stepin$ cd..
cd..: command not found
vijitha@DESKTOP-MHLPFOC:~/stepin$ cd ..
vijitha@DESKTOP-MHLPFOC:~$ nano cicd
vijitha@DESKTOP-MHLPFOC:~$ cat cicd
continous integration
continous delivery
vijitha@DESKTOP-MHLPFOC:~$ ls
cicd  in  step  stepin
vijitha@DESKTOP-MHLPFOC:~$ echo $
$
vijitha@DESKTOP-MHLPFOC:~$ quit
Command 'quit' not found, did you mean:
  command 'quiz' from deb bsdgames (2.17-30)
  command 'qgit' from deb qgit (2.10-2)
  command 'quilt' from deb quilt (0.67+really0.67-4)
Try: sudo apt install <deb name>
vijitha@DESKTOP-MHLPFOC:~$ pwd
/home/vijitha
vijitha@DESKTOP-MHLPFOC:~$ ls-l
ls-l: command not found
vijitha@DESKTOP-MHLPFOC:~$



day 2 commands
vijitha@DESKTOP-MHLPFOC:~/stepin$ vi sum.c
vijitha@DESKTOP-MHLPFOC:~/stepin$ gcc sum.c && ./a.out
sum = 3
vijitha@DESKTOP-MHLPFOC:~/stepin$ cat sum.c
#include<stdio.h>
int main(){
        int a,b,c;
                a=1;
                b=2;
                c=a+b;
                printf("sum = %d\n", c);
                return 0;
}
vijitha@DESKTOP-MHLPFOC:~/stepin$ gcc sum.c
vijitha@DESKTOP-MHLPFOC:~/stepin$ ./a.out
sum = 3
vijitha@DESKTOP-MHLPFOC:~/stepin$ ls
a.out  linux  sdlc  sum.c
vijitha@DESKTOP-MHLPFOC:~/stepin$ more sum.c
#include<stdio.h>
int main(){
        int a,b,c;
                a=1;
                b=2;
                c=a+b;
                printf("sum = %d\n", c);
                return 0;
}
vijitha@DESKTOP-MHLPFOC:~/stepin$ vi filecmd
vijitha@DESKTOP-MHLPFOC:~/stepin$ more filecmd
basic linux commands
mv
date--date"tomorrow"
touch
nano
vi
cmd
cd ..
cd
pwd
cp
tac
filter & pattern matching commands:
more
less
head
tail
paste
cut
sort
diff
grep
sed
awk
file premission cmd:
chomd
chown
umask
vijitha@DESKTOP-MHLPFOC:~/stepin$ less filecmd
vijitha@DESKTOP-MHLPFOC:~/stepin$ cat for less comd output will not be displayed
cat: for: No such file or directory
cat: less: No such file or directory
cat: comd: No such file or directory
cat: output: No such file or directory
cat: will: No such file or directory
cat: not: No such file or directory
cat: be: No such file or directory
cat: displayed: No such file or directory
vijitha@DESKTOP-MHLPFOC:~/stepin$ echo  for less comd output will not be displayed
for less comd output will not be displayed
vijitha@DESKTOP-MHLPFOC:~/stepin$ head filecmd
basic linux commands
mv
date--date"tomorrow"
touch
nano
vi
cmd
cd ..
cd
pwd
vijitha@DESKTOP-MHLPFOC:~/stepin$ head -n 5 filecmd
basic linux commands
mv
date--date"tomorrow"
touch
nano
vijitha@DESKTOP-MHLPFOC:~/stepin$ tail cmd
tail: cannot open 'cmd' for reading: No such file or directory
vijitha@DESKTOP-MHLPFOC:~/stepin$ tail filecmd
cut
sort
diff
grep
sed
awk
file premission cmd:
chomd
chown
umask
vijitha@DESKTOP-MHLPFOC:~/stepin$ nano sample.txt
vijitha@DESKTOP-MHLPFOC:~/stepin$ cat sample.txt
101:pune:Maharastra:5460
100:chennai:tamilnadu:9000
103:delhi:delhi:1000
104:kolkata:west bengal:9876
102:mumbai:maharastra:5200
vijitha@DESKTOP-MHLPFOC:~/stepin$ cut -c 1-3 sample.txt
101
100
103
104
102
vijitha@DESKTOP-MHLPFOC:~/stepin$ cut -c 4-10 sample.txt
:pune:M
:chenna
:delhi:
:kolkat
:mumbai
vijitha@DESKTOP-MHLPFOC:~/stepin$ cut -d ':' -f2 sample.txt
pune
chennai
delhi
kolkata
mumbai
vijitha@DESKTOP-MHLPFOC:~/stepin$ cut -d ':' -f2,3 sample.txt
pune:Maharastra
chennai:tamilnadu
delhi:delhi
kolkata:west bengal
mumbai:maharastra
vijitha@DESKTOP-MHLPFOC:~/stepin$ nano f1
vijitha@DESKTOP-MHLPFOC:~/stepin$ nano f2
vijitha@DESKTOP-MHLPFOC:~/stepin$ cat f1
this file is for practing stepin training program for pasting commands
filter command is used to cut the horizantal and vertical contents
vijitha@DESKTOP-MHLPFOC:~/stepin$ cat f2
two the commands i learnt are
head
tail
cut
nano
vi
vijitha@DESKTOP-MHLPFOC:~/stepin$ paste f1 f2
this file is for practing stepin training program for pasting commands  two the commands i learnt are
filter command is used to cut the horizantal and vertical contents      head
        tail
        cut
        nano
        vi
vijitha@DESKTOP-MHLPFOC:~/stepin$ paste -d ':' f1 f2
this file is for practing stepin training program for pasting commands :two the commands i learnt are
filter command is used to cut the horizantal and vertical contents:head
:tail
:cut
:nano
:vi
vijitha@DESKTOP-MHLPFOC:~/stepin$ paste -s f1 f2
this file is for practing stepin training program for pasting commands  filter command is used to cut the horizantal and vertical contents
two the commands i learnt are   head    tail    cut     nano    vi
vijitha@DESKTOP-MHLPFOC:~/stepin$ cat sample.txt
101:pune:Maharastra:5460
100:chennai:tamilnadu:9000
103:delhi:delhi:1000
104:kolkata:west bengal:9876
102:mumbai:maharastra:5200
vijitha@DESKTOP-MHLPFOC:~/stepin$ sort sample.txt
100:chennai:tamilnadu:9000
101:pune:Maharastra:5460
102:mumbai:maharastra:5200
103:delhi:delhi:1000
104:kolkata:west bengal:9876
vijitha@DESKTOP-MHLPFOC:~/stepin$ sort sample.txt -r
104:kolkata:west bengal:9876
103:delhi:delhi:1000
102:mumbai:maharastra:5200
101:pune:Maharastra:5460
100:chennai:tamilnadu:9000
vijitha@DESKTOP-MHLPFOC:~/stepin$ paste -s sample.txt
101:pune:Maharastra:5460        100:chennai:tamilnadu:9000      103:delhi:delhi:1000    104:kolkata:west bengal:9876   102:mumbai:maharastra:5200
vijitha@DESKTOP-MHLPFOC:~/stepin$ sort -t ':' -k2 sample.txt
100:chennai:tamilnadu:9000
103:delhi:delhi:1000
104:kolkata:west bengal:9876
102:mumbai:maharastra:5200
101:pune:Maharastra:5460
vijitha@DESKTOP-MHLPFOC:~/stepin$ sort -t ':' -k4 sample.txt
103:delhi:delhi:1000
102:mumbai:maharastra:5200
101:pune:Maharastra:5460
100:chennai:tamilnadu:9000
104:kolkata:west bengal:9876
vijitha@DESKTOP-MHLPFOC:~/stepin$ cat sample.txt
101:pune:Maharastra:5460
100:chennai:tamilnadu:9000
103:delhi:delhi:1000
104:kolkata:west bengal:9876
102:mumbai:maharastra:5200
vijitha@DESKTOP-MHLPFOC:~/stepin$ tr ':' '|' < sample.txt
101|pune|Maharastra|5460
100|chennai|tamilnadu|9000
103|delhi|delhi|1000
104|kolkata|west bengal|9876
102|mumbai|maharastra|5200
vijitha@DESKTOP-MHLPFOC:~/stepin$ ls
a.out  f1  f2  filecmd  linux  sample.txt  sdlc  sum.c
vijitha@DESKTOP-MHLPFOC:~/stepin$ tr ':' '|' < sample.txt > s45.txt
vijitha@DESKTOP-MHLPFOC:~/stepin$ ls
a.out  f1  f2  filecmd  linux  s45.txt  sample.txt  sdlc  sum.c
vijitha@DESKTOP-MHLPFOC:~/stepin$ cat s45.txt
101|pune|Maharastra|5460
100|chennai|tamilnadu|9000
103|delhi|delhi|1000
104|kolkata|west bengal|9876
102|mumbai|maharastra|5200
vijitha@DESKTOP-MHLPFOC:~/stepin$ tr '|' ' ' < s45.txt
101 pune Maharastra 5460
100 chennai tamilnadu 9000
103 delhi delhi 1000
104 kolkata west bengal 9876
102 mumbai maharastra 5200
vijitha@DESKTOP-MHLPFOC:~/stepin$ tr ' ' '| ' < s45.txt
101|pune|Maharastra|5460
100|chennai|tamilnadu|9000
103|delhi|delhi|1000
104|kolkata|west|bengal|9876
102|mumbai|maharastra|5200
vijitha@DESKTOP-MHLPFOC:~/stepin$ cat sample.txt
101:pune:Maharastra:5460
100:chennai:tamilnadu:9000
103:delhi:delhi:1000
104:kolkata:west bengal:9876
102:mumbai:maharastra:5200
vijitha@DESKTOP-MHLPFOC:~/stepin$ tr -s '0' < sample.txt
101:pune:Maharastra:5460
10:chennai:tamilnadu:90
103:delhi:delhi:10
104:kolkata:west bengal:9876
102:mumbai:maharastra:520
vijitha@DESKTOP-MHLPFOC:~/stepin$ tr -d '0' < sample.txt
11:pune:Maharastra:546
1:chennai:tamilnadu:9
13:delhi:delhi:1
14:kolkata:west bengal:9876
12:mumbai:maharastra:52
vijitha@DESKTOP-MHLPFOC:~/stepin$ nano example .txt
vijitha@DESKTOP-MHLPFOC:~/stepin$ cat example.txt
cat: example.txt: No such file or directory
vijitha@DESKTOP-MHLPFOC:~/stepin$ nano example.txt
vijitha@DESKTOP-MHLPFOC:~/stepin$ cat example.txt
i am vijitha lingasani
I am vijitha lingasani
i am taking linux training
i am vijitha lingasani
vijitha@DESKTOP-MHLPFOC:~/stepin$ uniq example.txt
i am vijitha lingasani
I am vijitha lingasani
i am taking linux training
i am vijitha lingasani
vijitha@DESKTOP-MHLPFOC:~/stepin$ cmp sample.txt s1.txt
cmp: s1.txt: No such file or directory
vijitha@DESKTOP-MHLPFOC:~/stepin$ cmp sample.txt s45.txt
sample.txt s45.txt differ: byte 4, line 1
vijitha@DESKTOP-MHLPFOC:~/stepin$ diff sample.txt s45.txt
1,5c1,5
< 101:pune:Maharastra:5460
< 100:chennai:tamilnadu:9000
< 103:delhi:delhi:1000
< 104:kolkata:west bengal:9876
< 102:mumbai:maharastra:5200
---
> 101|pune|Maharastra|5460
> 100|chennai|tamilnadu|9000
> 103|delhi|delhi|1000
> 104|kolkata|west bengal|9876
> 102|mumbai|maharastra|5200
vijitha@DESKTOP-MHLPFOC:~/stepin$ nnao example 1.txt
Command 'nnao' not found, did you mean:
  command 'nano' from deb nano (7.2-2ubuntu0.1)
Try: sudo apt install <deb name>
vijitha@DESKTOP-MHLPFOC:~/stepin$ nano example2 .txt
vijitha@DESKTOP-MHLPFOC:~/stepin$ nano example2 .txt
vijitha@DESKTOP-MHLPFOC:~/stepin$ cat example2 .txt
hello i am vijitha
i completed my btech
i am att training
vijitha@DESKTOP-MHLPFOC:~/stepin$ sed 's/att/attending/' example2 .txt
hello i am vijitha
i completed my btech
i am attending training
vijitha@DESKTOP-MHLPFOC:~/stepin$ sed 's/i/I/' example2 .txt
hello I am vijitha
I completed my btech
I am att training
vijitha@DESKTOP-MHLPFOC:~/stepin$ cat example2 .txt
hello i am vijitha
i completed my btech
i am att training
vijitha@DESKTOP-MHLPFOC:~/stepin$ sed 's/i/d' example2 .txt
sed: -e expression #1, char 5: unterminated `s' command
vijitha@DESKTOP-MHLPFOC:~/stepin$ sed '/i/d' example2 .txt
vijitha@DESKTOP-MHLPFOC:~/stepin$ sed '/hello/d' example2 .txt
i completed my btech
i am att training
vijitha@DESKTOP-MHLPFOC:~/stepin$ sed -n '/i/p' example2 .txt
hello i am vijitha
i completed my btech
i am att training
vijitha@DESKTOP-MHLPFOC:~/stepin$ sed -n '/vijitha/p' example2 .txt
hello i am vijitha
vijitha@DESKTOP-MHLPFOC:~/stepin$ nnao friends.txt
Command 'nnao' not found, did you mean:
  command 'nano' from deb nano (7.2-2ubuntu0.1)
Try: sudo apt install <deb name>
vijitha@DESKTOP-MHLPFOC:~/stepin$ nano friends.txt
vijitha@DESKTOP-MHLPFOC:~/stepin$ awk '{print $0}' friends.txt
chandu 22 12000000
abignan 22 198987878
deekshi 21 100000
puji 19 1099387
nikhil 22 348985

vijitha@DESKTOP-MHLPFOC:~/stepin$ awk '{print $1, $3}' friends.txt
chandu 12000000
abignan 198987878
deekshi 100000
puji 1099387
nikhil 348985

vijitha@DESKTOP-MHLPFOC:~/stepin$ awk $3>50000 '{print $1, $3}' friends.txt
vijitha@DESKTOP-MHLPFOC:~/stepin$ awk '$3>50000 {print $1, $3}' friends.txt
chandu 12000000
abignan 198987878
deekshi 100000
puji 1099387
nikhil 348985
vijitha@DESKTOP-MHLPFOC:~/stepin$ awk 'BEGIN {print "Name; salary"} {print $1, $3}' friends.txt
Name; salary
chandu 12000000
abignan 198987878
deekshi 100000
puji 1099387
nikhil 348985

vijitha@DESKTOP-MHLPFOC:~/stepin$ awk 'BEGIN {print "Name age salary"} {print $1, $2, $3}' friends.txt
Name age salary
chandu 22 12000000
abignan 22 198987878
deekshi 21 100000
puji 19 1099387
nikhil 22 348985

vijitha@DESKTOP-MHLPFOC:~/stepin$ awk '{total+= $3} END {print "Total salary=", total}' friends.txt
Total salary= 212536250
vijitha@DESKTOP-MHLPFOC:~/stepin$ awk '/chandu/' friends.txt
chandu 22 12000000
vijitha@DESKTOP-MHLPFOC:~/stepin$ ls -l
total 16
-rw-r--r-- 1 vijitha vijitha    78 Jul 30 07:01 50000
-rwxr-xr-x 1 vijitha vijitha 15960 Jul 30 05:59 a.out
-rw-r--r-- 1 vijitha vijitha   112 Jul 30 06:35 example
-rw-r--r-- 1 vijitha vijitha    96 Jul 30 06:37 example.txt
-rw-r--r-- 1 vijitha vijitha    58 Jul 30 06:49 example2
-rw-r--r-- 1 vijitha vijitha   139 Jul 30 06:19 f1
-rw-r--r-- 1 vijitha vijitha    52 Jul 30 06:20 f2
-rw-r--r-- 1 vijitha vijitha   213 Jul 30 06:03 filecmd
-rw-r--r-- 1 vijitha vijitha    92 Jul 30 06:59 friends.txt
drwxr-xr-x 1 vijitha vijitha   512 Jul 29 14:53 linux
-rw-r--r-- 1 vijitha vijitha   129 Jul 30 06:30 s45.txt
-rw-r--r-- 1 vijitha vijitha   129 Jul 30 06:13 sample.txt
drwxr-xr-x 1 vijitha vijitha   512 Jul 29 14:52 sdlc
-rw-r--r-- 1 vijitha vijitha   106 Jul 30 05:58 sum.c
vijitha@DESKTOP-MHLPFOC:~/stepin$ ls -l s45.txt
-rw-r--r-- 1 vijitha vijitha 129 Jul 30 06:30 s45.txt
vijitha@DESKTOP-MHLPFOC:~/stepin$ chmod u+x s45.txt
vijitha@DESKTOP-MHLPFOC:~/stepin$ ls -l s45.txt
-rwxr--r-- 1 vijitha vijitha 129 Jul 30 06:30 s45.txt
vijitha@DESKTOP-MHLPFOC:~/stepin$ chmod 422 sample.txt
vijitha@DESKTOP-MHLPFOC:~/stepin$ ls -l sample.txt
-r---w--w- 1 vijitha vijitha 129 Jul 30 06:13 sample.txt
vijitha@DESKTOP-MHLPFOC:~/stepin$























































































































































































































































